../Core/Src/main.c:63:9:Gerar_Byte_Aleatorio	8	static
../Core/Src/main.c:68:6:Enviar_Byte	32	static
../Core/Src/main.c:95:9:Receber_Byte_Com_Checksum	32	static
../Core/Src/main.c:124:6:Piscar_Byte_Recebido	24	static
../Core/Src/main.c:138:6:Estabelecer_Conexao	32	static
../Core/Src/main.c:225:5:main	16	static
../Core/Src/main.c:276:6:SystemClock_Config	72	static
../Core/Src/main.c:313:13:MX_GPIO_Init	40	static
../Core/Src/main.c:366:6:HAL_GPIO_EXTI_Callback	16	static
../Core/Src/main.c:385:6:Error_Handler	4	static,ignoring_inline_asm
