../Core/Src/main.c:78:6:MPU6050_WakeUp	1
../Core/Src/main.c:86:6:MPU6050_Config_Accel	1
../Core/Src/main.c:94:6:MPU6050_Read_Accel_g	1
../Core/Src/main.c:112:7:MPU6050_Get_Magnitude	1
../Core/Src/main.c:121:6:Calibrar_MPU6050	2
../Core/Src/main.c:141:7:Calcular_RMS_Vibracao	2
../Core/Src/main.c:166:5:main	1
../Core/Src/main.c:261:6:SystemClock_Config	3
../Core/Src/main.c:303:13:MX_I2C1_Init	2
../Core/Src/main.c:325:13:MX_USART2_UART_Init	2
../Core/Src/main.c:346:13:MX_GPIO_Init	1
../Core/Src/main.c:375:6:Error_Handler	1
