../Core/Src/main.c:72:5:main	144	static
../Core/Src/main.c:158:6:SystemClock_Config	88	static
../Core/Src/main.c:202:13:MX_ADC1_Init	24	static
../Core/Src/main.c:249:13:MX_TIM2_Init	48	static
../Core/Src/main.c:298:13:MX_USART1_UART_Init	8	static
../Core/Src/main.c:329:13:MX_DMA_Init	16	static
../Core/Src/main.c:347:13:MX_GPIO_Init	16	static
../Core/Src/main.c:365:6:HAL_UART_RxCpltCallback	24	static
../Core/Src/main.c:381:6:Init_Default_LUT	16	static
../Core/Src/main.c:394:6:Error_Handler	4	static,ignoring_inline_asm
